[0m08:49:57.062983 [debug] [MainThread]: Sending event: {'category': 'dbt', 'action': 'invocation', 'label': 'start', 'context': [<snowplow_tracker.self_describing_json.SelfDescribingJson object at 0x0000029A6D759730>, <snowplow_tracker.self_describing_json.SelfDescribingJson object at 0x0000029A6D759610>, <snowplow_tracker.self_describing_json.SelfDescribingJson object at 0x0000029A6D75B710>]}


============================== 08:49:57.062983 | 604082e5-b592-48f4-9823-b20cbd501620 ==============================
[0m08:49:57.062983 [info ] [MainThread]: Running with dbt=1.12.5
[0m08:49:57.062983 [debug] [MainThread]: running dbt with arguments {'version_check': 'True', 'no_print': 'None', 'static_parser': 'True', 'warn_error_options': 'WarnErrorOptionsV2(error=[], warn=[], silence=[])', 'target_path': 'None', 'maximum_seed_size_mib': '1', 'printer_width': '80', 'write_json': 'True', 'empty': 'None', 'log_cache_events': 'False', 'introspect': 'True', 'cache_selected_only': 'False', 'log_format': 'default', 'debug': 'False', 'fail_fast': 'False', 'partial_parse': 'True', 'send_anonymous_usage_stats': 'True', 'quiet': 'False', 'warn_error': 'None', 'profiles_dir': 'C:\\Users\\iamsi\\.dbt', 'indirect_selection': 'eager', 'hints_enabled': 'True', 'use_colors': 'True', 'use_experimental_parser': 'False', 'invocation_command': 'dbt init ai_business_analyst_dbt', 'log_path': 'logs'}
[0m08:49:57.102971 [info ] [MainThread]: Creating dbt configuration folder at C:\Users\iamsi\.dbt
[0m08:49:57.108099 [debug] [MainThread]: Starter project path: D:\PROJECTS\.venv\Lib\site-packages\dbt\include\starter_project
[0m08:49:57.141200 [info ] [MainThread]: Setting up your profile.
[0m08:53:55.611939 [info ] [MainThread]: Profile ai_business_analyst_dbt written to C:\Users\iamsi\.dbt\profiles.yml using target's profile_template.yml and your supplied values.
[0m08:53:55.614570 [info ] [MainThread]: Running dbt debug to validate the project...
[0m08:53:55.620413 [info ] [MainThread]: dbt version: 1.12.5
[0m08:53:55.620463 [info ] [MainThread]: python version: 3.12.4
[0m08:53:55.623322 [info ] [MainThread]: python path: D:\PROJECTS\.venv\Scripts\python.exe
[0m08:53:55.623322 [info ] [MainThread]: os info: Windows-11-10.0.22631-SP0
[0m08:53:55.675357 [info ] [MainThread]: Using profiles dir at C:\Users\iamsi\.dbt
[0m08:53:55.675357 [info ] [MainThread]: Using profiles.yml file at C:\Users\iamsi\.dbt\profiles.yml
[0m08:53:55.675357 [info ] [MainThread]: Using dbt_project.yml file at D:\PROJECTS\AI-Business_Analyst\ai_business_analyst_dbt\dbt_project.yml
[0m08:53:55.689965 [info ] [MainThread]: adapter type: postgres
[0m08:53:55.690479 [info ] [MainThread]: adapter version: 1.11.0
[0m08:53:55.830656 [info ] [MainThread]: Configuration:
[0m08:53:55.836340 [info ] [MainThread]:   profiles.yml file [[32mOK found and valid[0m]
[0m08:53:55.836340 [info ] [MainThread]:   dbt_project.yml file [[32mOK found and valid[0m]
[0m08:53:55.839457 [info ] [MainThread]: Required dependencies:
[0m08:53:55.839457 [debug] [MainThread]: Executing "git --help"
[0m08:53:55.884216 [debug] [MainThread]: STDOUT: "b"usage: git [-v | --version] [-h | --help] [-C <path>] [-c <name>=<value>]\n           [--exec-path[=<path>]] [--html-path] [--man-path] [--info-path]\n           [-p | --paginate | -P | --no-pager] [--no-replace-objects] [--no-lazy-fetch]\n           [--no-optional-locks] [--no-advice] [--bare] [--git-dir=<path>]\n           [--work-tree=<path>] [--namespace=<name>] [--config-env=<name>=<envvar>]\n           <command> [<args>]\n\nThese are common Git commands used in various situations:\n\nstart a working area (see also: git help tutorial)\n   clone      Clone a repository into a new directory\n   init       Create an empty Git repository or reinitialize an existing one\n\nwork on the current change (see also: git help everyday)\n   add        Add file contents to the index\n   mv         Move or rename a file, a directory, or a symlink\n   restore    Restore working tree files\n   rm         Remove files from the working tree and from the index\n\nexamine the history and state (see also: git help revisions)\n   bisect     Use binary search to find the commit that introduced a bug\n   diff       Show changes between commits, commit and working tree, etc\n   grep       Print lines matching a pattern\n   log        Show commit logs\n   show       Show various types of objects\n   status     Show the working tree status\n\ngrow, mark and tweak your common history\n   backfill   Download missing objects in a partial clone\n   branch     List, create, or delete branches\n   commit     Record changes to the repository\n   merge      Join two or more development histories together\n   rebase     Reapply commits on top of another base tip\n   reset      Reset current HEAD to the specified state\n   switch     Switch branches\n   tag        Create, list, delete or verify a tag object signed with GPG\n\ncollaborate (see also: git help workflows)\n   fetch      Download objects and refs from another repository\n   pull       Fetch from and integrate with another repository or a local branch\n   push       Update remote refs along with associated objects\n\n'git help -a' and 'git help -g' list available subcommands and some\nconcept guides. See 'git help <command>' or 'git help <concept>'\nto read about a specific subcommand or concept.\nSee 'git help git' for an overview of the system.\n""
[0m08:53:55.884216 [debug] [MainThread]: STDERR: "b''"
[0m08:53:55.884216 [info ] [MainThread]:  - git [[32mOK found[0m]

[0m08:53:55.884216 [info ] [MainThread]: Connection:
[0m08:53:55.884216 [info ] [MainThread]:   host: localhost
[0m08:53:55.891682 [info ] [MainThread]:   port: 5433
[0m08:53:55.891682 [info ] [MainThread]:   user: AI_BIZ
[0m08:53:55.891682 [info ] [MainThread]:   database: BIZ
[0m08:53:55.891682 [info ] [MainThread]:   schema: analytics
[0m08:53:55.891682 [info ] [MainThread]:   connect_timeout: 10
[0m08:53:55.891682 [info ] [MainThread]:   role: None
[0m08:53:55.896172 [info ] [MainThread]:   search_path: None
[0m08:53:55.896795 [info ] [MainThread]:   keepalives_idle: 0
[0m08:53:55.896795 [info ] [MainThread]:   sslmode: None
[0m08:53:55.896795 [info ] [MainThread]:   sslcert: None
[0m08:53:55.896795 [info ] [MainThread]:   sslkey: None
[0m08:53:55.896795 [info ] [MainThread]:   sslrootcert: None
[0m08:53:55.899816 [info ] [MainThread]:   application_name: dbt
[0m08:53:55.899816 [info ] [MainThread]:   autocommit: False
[0m08:53:55.899816 [info ] [MainThread]:   retries: 1
[0m08:53:55.899816 [info ] [MainThread]: Registered adapter: postgres=1.11.0
[0m08:53:56.204049 [debug] [MainThread]: Acquiring new postgres connection 'debug'
[0m08:53:59.387871 [debug] [MainThread]: Using postgres connection "debug"
[0m08:53:59.387871 [debug] [MainThread]: On debug: select 1 as id
[0m08:53:59.387871 [debug] [MainThread]: Opening a new connection, currently in state init
[0m08:53:59.446707 [debug] [MainThread]: Postgres adapter: Got a retryable error when attempting to open a postgres connection.
1 attempts remaining. Retrying in 0 seconds.
Error:
connection to server at "localhost" (::1), port 5433 failed: FATAL:  password authentication failed for user "AI_BIZ"

[0m08:53:59.463139 [debug] [MainThread]: Postgres adapter: Error running SQL: select 1 as id
[0m08:53:59.464203 [debug] [MainThread]: Postgres adapter: Rolling back transaction.
[0m08:53:59.465402 [debug] [MainThread]: On debug: No close available on handle
[0m08:53:59.466082 [info ] [MainThread]:   Connection test: [[31mERROR[0m]

[0m08:53:59.466719 [info ] [MainThread]: [31m1 check failed:[0m
[0m08:53:59.467773 [info ] [MainThread]: dbt was unable to connect to the specified database.
The database returned the following error:

  >Database Error
  connection to server at "localhost" (::1), port 5433 failed: FATAL:  password authentication failed for user "AI_BIZ"
  

Check your database credentials and try again. For more information, visit:
https://docs.getdbt.com/docs/configure-your-profile


[0m08:53:59.468297 [info ] [MainThread]: Your new dbt project "ai_business_analyst_dbt" was created!
Initialized new project in D:\PROJECTS\AI-Business_Analyst\ai_business_analyst_dbt\ai_business_analyst_dbt

For more information on how to configure the profiles.yml file,
please consult the dbt documentation here:

  https://docs.getdbt.com/docs/configure-your-profile

One more thing:

Need help? Don't hesitate to reach out to us via GitHub issues or on Slack:

  https://community.getdbt.com/

Happy modeling!

[0m08:53:59.469377 [info ] [MainThread]: [31mYour profile may need adjustments. You can find the logs of `dbt debug` above[0m
[0m08:53:59.471060 [debug] [MainThread]: Command `dbt init` succeeded at 08:53:59.471060 after 242.59 seconds
[0m08:53:59.471569 [debug] [MainThread]: Connection 'debug' was properly closed.
[0m08:53:59.472124 [debug] [MainThread]: Sending event: {'category': 'dbt', 'action': 'invocation', 'label': 'end', 'context': [<snowplow_tracker.self_describing_json.SelfDescribingJson object at 0x0000029A699920C0>, <snowplow_tracker.self_describing_json.SelfDescribingJson object at 0x0000029A6B853230>, <snowplow_tracker.self_describing_json.SelfDescribingJson object at 0x0000029A6B8502C0>]}
[0m08:53:59.472675 [debug] [MainThread]: Flushing usage events
[0m08:54:02.097586 [debug] [MainThread]: An error was encountered while trying to flush usage events
[0m08:55:33.228100 [debug] [MainThread]: Sending event: {'category': 'dbt', 'action': 'invocation', 'label': 'start', 'context': [<snowplow_tracker.self_describing_json.SelfDescribingJson object at 0x0000015DD8C92CC0>, <snowplow_tracker.self_describing_json.SelfDescribingJson object at 0x0000015DD670ADB0>, <snowplow_tracker.self_describing_json.SelfDescribingJson object at 0x0000015DD8CE7530>]}


============================== 08:55:33.235331 | fe42af11-dee8-418b-8265-ca006995c98a ==============================
[0m08:55:33.235331 [info ] [MainThread]: Running with dbt=1.12.5
[0m08:55:33.235331 [debug] [MainThread]: running dbt with arguments {'static_parser': 'True', 'no_print': 'None', 'maximum_seed_size_mib': '1', 'warn_error_options': 'WarnErrorOptionsV2(error=[], warn=[], silence=[])', 'target_path': 'None', 'version_check': 'True', 'printer_width': '80', 'write_json': 'True', 'empty': 'None', 'log_cache_events': 'False', 'introspect': 'True', 'cache_selected_only': 'False', 'fail_fast': 'False', 'debug': 'False', 'log_format': 'default', 'partial_parse': 'True', 'send_anonymous_usage_stats': 'True', 'quiet': 'False', 'warn_error': 'None', 'profiles_dir': 'C:\\Users\\iamsi\\.dbt', 'use_colors': 'True', 'hints_enabled': 'True', 'invocation_command': 'dbt debug', 'use_experimental_parser': 'False', 'indirect_selection': 'eager', 'log_path': 'logs'}
[0m08:55:33.262341 [info ] [MainThread]: dbt version: 1.12.5
[0m08:55:33.262341 [info ] [MainThread]: python version: 3.12.4
[0m08:55:33.262341 [info ] [MainThread]: python path: D:\PROJECTS\.venv\Scripts\python.exe
[0m08:55:33.262341 [info ] [MainThread]: os info: Windows-11-10.0.22631-SP0
[0m08:55:33.335966 [info ] [MainThread]: Using profiles dir at C:\Users\iamsi\.dbt
[0m08:55:33.335966 [info ] [MainThread]: Using profiles.yml file at C:\Users\iamsi\.dbt\profiles.yml
[0m08:55:33.335966 [info ] [MainThread]: Using dbt_project.yml file at D:\PROJECTS\AI-Business_Analyst\dbt_project.yml
[0m08:55:33.335966 [info ] [MainThread]: adapter type: postgres
[0m08:55:33.335966 [info ] [MainThread]: adapter version: 1.11.0
[0m08:55:33.335966 [info ] [MainThread]: Configuration:
[0m08:55:33.335966 [info ] [MainThread]:   profiles.yml file [[32mOK found and valid[0m]
[0m08:55:33.344155 [info ] [MainThread]:   dbt_project.yml file [[31mERROR not found[0m]
[0m08:55:33.344155 [info ] [MainThread]: Required dependencies:
[0m08:55:33.347008 [debug] [MainThread]: Executing "git --help"
[0m08:55:33.391694 [debug] [MainThread]: STDOUT: "b"usage: git [-v | --version] [-h | --help] [-C <path>] [-c <name>=<value>]\n           [--exec-path[=<path>]] [--html-path] [--man-path] [--info-path]\n           [-p | --paginate | -P | --no-pager] [--no-replace-objects] [--no-lazy-fetch]\n           [--no-optional-locks] [--no-advice] [--bare] [--git-dir=<path>]\n           [--work-tree=<path>] [--namespace=<name>] [--config-env=<name>=<envvar>]\n           <command> [<args>]\n\nThese are common Git commands used in various situations:\n\nstart a working area (see also: git help tutorial)\n   clone      Clone a repository into a new directory\n   init       Create an empty Git repository or reinitialize an existing one\n\nwork on the current change (see also: git help everyday)\n   add        Add file contents to the index\n   mv         Move or rename a file, a directory, or a symlink\n   restore    Restore working tree files\n   rm         Remove files from the working tree and from the index\n\nexamine the history and state (see also: git help revisions)\n   bisect     Use binary search to find the commit that introduced a bug\n   diff       Show changes between commits, commit and working tree, etc\n   grep       Print lines matching a pattern\n   log        Show commit logs\n   show       Show various types of objects\n   status     Show the working tree status\n\ngrow, mark and tweak your common history\n   backfill   Download missing objects in a partial clone\n   branch     List, create, or delete branches\n   commit     Record changes to the repository\n   merge      Join two or more development histories together\n   rebase     Reapply commits on top of another base tip\n   reset      Reset current HEAD to the specified state\n   switch     Switch branches\n   tag        Create, list, delete or verify a tag object signed with GPG\n\ncollaborate (see also: git help workflows)\n   fetch      Download objects and refs from another repository\n   pull       Fetch from and integrate with another repository or a local branch\n   push       Update remote refs along with associated objects\n\n'git help -a' and 'git help -g' list available subcommands and some\nconcept guides. See 'git help <command>' or 'git help <concept>'\nto read about a specific subcommand or concept.\nSee 'git help git' for an overview of the system.\n""
[0m08:55:33.395447 [debug] [MainThread]: STDERR: "b''"
[0m08:55:33.395447 [info ] [MainThread]:  - git [[32mOK found[0m]

[0m08:55:33.395447 [info ] [MainThread]: Connection:
[0m08:55:33.395447 [info ] [MainThread]:   host: localhost
[0m08:55:33.395447 [info ] [MainThread]:   port: 5433
[0m08:55:33.395447 [info ] [MainThread]:   user: AI_BIZ
[0m08:55:33.395447 [info ] [MainThread]:   database: BIZ
[0m08:55:33.399957 [info ] [MainThread]:   schema: analytics
[0m08:55:33.399957 [info ] [MainThread]:   connect_timeout: 10
[0m08:55:33.399957 [info ] [MainThread]:   role: None
[0m08:55:33.399957 [info ] [MainThread]:   search_path: None
[0m08:55:33.399957 [info ] [MainThread]:   keepalives_idle: 0
[0m08:55:33.399957 [info ] [MainThread]:   sslmode: None
[0m08:55:33.404892 [info ] [MainThread]:   sslcert: None
[0m08:55:33.406571 [info ] [MainThread]:   sslkey: None
[0m08:55:33.407280 [info ] [MainThread]:   sslrootcert: None
[0m08:55:33.409225 [info ] [MainThread]:   application_name: dbt
[0m08:55:33.409225 [info ] [MainThread]:   autocommit: False
[0m08:55:33.409225 [info ] [MainThread]:   retries: 1
[0m08:55:33.411861 [info ] [MainThread]: Registered adapter: postgres=1.11.0
[0m08:55:33.633551 [debug] [MainThread]: Acquiring new postgres connection 'debug'
[0m08:55:33.680348 [debug] [MainThread]: Using postgres connection "debug"
[0m08:55:33.680348 [debug] [MainThread]: On debug: select 1 as id
[0m08:55:33.680348 [debug] [MainThread]: Opening a new connection, currently in state init
[0m08:55:33.721466 [debug] [MainThread]: Postgres adapter: Got a retryable error when attempting to open a postgres connection.
1 attempts remaining. Retrying in 0 seconds.
Error:
connection to server at "localhost" (::1), port 5433 failed: FATAL:  password authentication failed for user "AI_BIZ"

[0m08:55:33.753587 [debug] [MainThread]: Postgres adapter: Error running SQL: select 1 as id
[0m08:55:33.754650 [debug] [MainThread]: Postgres adapter: Rolling back transaction.
[0m08:55:33.755242 [debug] [MainThread]: On debug: No close available on handle
[0m08:55:33.755760 [info ] [MainThread]:   Connection test: [[31mERROR[0m]

[0m08:55:33.755760 [info ] [MainThread]: [31m2 checks failed:[0m
[0m08:55:33.755760 [info ] [MainThread]: Project loading failed for the following reason:
 project path <D:\PROJECTS\AI-Business_Analyst\dbt_project.yml> not found

[0m08:55:33.758279 [info ] [MainThread]: dbt was unable to connect to the specified database.
The database returned the following error:

  >Database Error
  connection to server at "localhost" (::1), port 5433 failed: FATAL:  password authentication failed for user "AI_BIZ"
  

Check your database credentials and try again. For more information, visit:
https://docs.getdbt.com/docs/configure-your-profile


[0m08:55:33.758279 [debug] [MainThread]: Command `dbt debug` failed at 08:55:33.758279 after 0.73 seconds
[0m08:55:33.758279 [debug] [MainThread]: Connection 'debug' was properly closed.
[0m08:55:33.758279 [debug] [MainThread]: Sending event: {'category': 'dbt', 'action': 'invocation', 'label': 'end', 'context': [<snowplow_tracker.self_describing_json.SelfDescribingJson object at 0x0000015DD670ADB0>, <snowplow_tracker.self_describing_json.SelfDescribingJson object at 0x0000015DD4A1F7D0>, <snowplow_tracker.self_describing_json.SelfDescribingJson object at 0x0000015DD8E1FFE0>]}
[0m08:55:33.758279 [debug] [MainThread]: Flushing usage events
[0m08:55:35.092431 [debug] [MainThread]: An error was encountered while trying to flush usage events
[0m10:40:15.829622 [debug] [MainThread]: Sending event: {'category': 'dbt', 'action': 'invocation', 'label': 'start', 'context': [<snowplow_tracker.self_describing_json.SelfDescribingJson object at 0x0000028EDCC59220>, <snowplow_tracker.self_describing_json.SelfDescribingJson object at 0x0000028EDF3425A0>, <snowplow_tracker.self_describing_json.SelfDescribingJson object at 0x0000028EDFED14C0>]}


============================== 10:40:15.829622 | 017ac580-9f62-4d45-8e7d-06d7689dd447 ==============================
[0m10:40:15.829622 [info ] [MainThread]: Running with dbt=1.12.5
[0m10:40:15.829622 [debug] [MainThread]: running dbt with arguments {'version_check': 'True', 'no_print': 'None', 'maximum_seed_size_mib': '1', 'warn_error_options': 'WarnErrorOptionsV2(error=[], warn=[], silence=[])', 'target_path': 'None', 'static_parser': 'True', 'printer_width': '80', 'write_json': 'True', 'empty': 'False', 'log_cache_events': 'False', 'introspect': 'True', 'cache_selected_only': 'False', 'log_format': 'default', 'debug': 'False', 'fail_fast': 'False', 'profiles_dir': 'C:\\Users\\iamsi\\.dbt', 'send_anonymous_usage_stats': 'True', 'quiet': 'False', 'warn_error': 'None', 'partial_parse': 'True', 'use_colors': 'True', 'hints_enabled': 'True', 'invocation_command': 'dbt run --select stg_customers', 'use_experimental_parser': 'False', 'indirect_selection': 'eager', 'log_path': 'logs'}
[0m10:40:15.829622 [error] [MainThread]: [[31mERROR[0m]: Encountered an error:
Runtime Error
  No dbt_project.yml found at expected path D:\PROJECTS\AI-Business_Analyst\dbt_project.yml
  Verify that each entry within packages.yml (and their transitive dependencies) contains a file named dbt_project.yml
  
[0m10:40:15.845224 [debug] [MainThread]: Command `dbt run` failed at 10:40:15.845224 after 0.17 seconds
[0m10:40:15.845224 [debug] [MainThread]: Sending event: {'category': 'dbt', 'action': 'invocation', 'label': 'end', 'context': [<snowplow_tracker.self_describing_json.SelfDescribingJson object at 0x0000028EE12B97C0>, <snowplow_tracker.self_describing_json.SelfDescribingJson object at 0x0000028EDCC59220>, <snowplow_tracker.self_describing_json.SelfDescribingJson object at 0x0000028EDF9B0AA0>]}
[0m10:40:15.845224 [debug] [MainThread]: Flushing usage events
[0m10:40:17.539606 [debug] [MainThread]: An error was encountered while trying to flush usage events
[0m10:41:36.487424 [debug] [MainThread]: Sending event: {'category': 'dbt', 'action': 'invocation', 'label': 'start', 'context': [<snowplow_tracker.self_describing_json.SelfDescribingJson object at 0x0000029156CD61B0>, <snowplow_tracker.self_describing_json.SelfDescribingJson object at 0x00000291567C7770>, <snowplow_tracker.self_describing_json.SelfDescribingJson object at 0x00000291567C6690>]}


============================== 10:41:36.487424 | 7e268f21-cd83-4b68-ad3f-17a91d8c6f43 ==============================
[0m10:41:36.487424 [info ] [MainThread]: Running with dbt=1.12.5
[0m10:41:36.487424 [debug] [MainThread]: running dbt with arguments {'static_parser': 'True', 'no_print': 'None', 'version_check': 'True', 'warn_error_options': 'WarnErrorOptionsV2(error=[], warn=[], silence=[])', 'target_path': 'None', 'maximum_seed_size_mib': '1', 'printer_width': '80', 'write_json': 'True', 'empty': 'False', 'log_cache_events': 'False', 'introspect': 'True', 'cache_selected_only': 'False', 'fail_fast': 'False', 'debug': 'False', 'log_format': 'default', 'profiles_dir': 'C:\\Users\\iamsi\\.dbt', 'send_anonymous_usage_stats': 'True', 'quiet': 'False', 'warn_error': 'None', 'partial_parse': 'True', 'indirect_selection': 'eager', 'hints_enabled': 'True', 'use_colors': 'True', 'use_experimental_parser': 'False', 'invocation_command': 'dbt run --select stg_customers', 'log_path': 'logs'}
[0m10:41:36.487424 [error] [MainThread]: [[31mERROR[0m]: Encountered an error:
Runtime Error
  No dbt_project.yml found at expected path D:\PROJECTS\AI-Business_Analyst\dbt_project.yml
  Verify that each entry within packages.yml (and their transitive dependencies) contains a file named dbt_project.yml
  
[0m10:41:36.487424 [debug] [MainThread]: Command `dbt run` failed at 10:41:36.487424 after 0.16 seconds
[0m10:41:36.495337 [debug] [MainThread]: Sending event: {'category': 'dbt', 'action': 'invocation', 'label': 'end', 'context': [<snowplow_tracker.self_describing_json.SelfDescribingJson object at 0x0000029158A83080>, <snowplow_tracker.self_describing_json.SelfDescribingJson object at 0x0000029156B49850>, <snowplow_tracker.self_describing_json.SelfDescribingJson object at 0x00000291561E0230>]}
[0m10:41:36.495337 [debug] [MainThread]: Flushing usage events
[0m10:41:37.618349 [debug] [MainThread]: An error was encountered while trying to flush usage events
[0m10:58:18.967944 [debug] [MainThread]: Sending event: {'category': 'dbt', 'action': 'invocation', 'label': 'start', 'context': [<snowplow_tracker.self_describing_json.SelfDescribingJson object at 0x0000024E5CA0E480>, <snowplow_tracker.self_describing_json.SelfDescribingJson object at 0x0000024E5A864830>, <snowplow_tracker.self_describing_json.SelfDescribingJson object at 0x0000024E5CA0CEF0>]}


============================== 10:58:18.967944 | 92cf0748-bef2-48f2-9c9a-d405a67cae6f ==============================
[0m10:58:18.967944 [info ] [MainThread]: Running with dbt=1.12.5
[0m10:58:18.977452 [debug] [MainThread]: running dbt with arguments {'version_check': 'True', 'no_print': 'None', 'static_parser': 'True', 'warn_error_options': 'WarnErrorOptionsV2(error=[], warn=[], silence=[])', 'maximum_seed_size_mib': '1', 'target_path': 'None', 'printer_width': '80', 'write_json': 'True', 'introspect': 'True', 'log_cache_events': 'False', 'empty': 'False', 'cache_selected_only': 'False', 'fail_fast': 'False', 'debug': 'False', 'log_format': 'default', 'profiles_dir': 'C:\\Users\\iamsi\\.dbt', 'send_anonymous_usage_stats': 'True', 'quiet': 'False', 'warn_error': 'None', 'partial_parse': 'True', 'indirect_selection': 'eager', 'hints_enabled': 'True', 'invocation_command': 'dbt run --select stg_products', 'use_experimental_parser': 'False', 'use_colors': 'True', 'log_path': 'logs'}
[0m10:58:18.978287 [error] [MainThread]: [[31mERROR[0m]: Encountered an error:
Runtime Error
  No dbt_project.yml found at expected path D:\PROJECTS\AI-Business_Analyst\dbt_project.yml
  Verify that each entry within packages.yml (and their transitive dependencies) contains a file named dbt_project.yml
  
[0m10:58:18.978287 [debug] [MainThread]: Command `dbt run` failed at 10:58:18.978287 after 0.15 seconds
[0m10:58:18.978287 [debug] [MainThread]: Sending event: {'category': 'dbt', 'action': 'invocation', 'label': 'end', 'context': [<snowplow_tracker.self_describing_json.SelfDescribingJson object at 0x0000024E5CA299A0>, <snowplow_tracker.self_describing_json.SelfDescribingJson object at 0x0000024E5A99F140>, <snowplow_tracker.self_describing_json.SelfDescribingJson object at 0x0000024E5C9F3800>]}
[0m10:58:18.978287 [debug] [MainThread]: Flushing usage events
[0m10:58:20.592284 [debug] [MainThread]: An error was encountered while trying to flush usage events
